[debug] [2026-08-30T08:41:19.396Z] ----------------------------------------------------------------------
[debug] [2026-08-30T08:41:19.399Z] Command:       C:\nvm4w\nodejs\node.exe C:\nvm4w\nodejs\node_modules\firebase-tools\lib\bin\firebase.js emulators:start --only functions
[debug] [2026-08-30T08:41:19.400Z] CLI Version:   15.10.1
[debug] [2026-08-30T08:41:19.400Z] Platform:      win32
[debug] [2026-08-30T08:41:19.400Z] Node Version:  v20.19.2
[debug] [2026-08-30T08:41:19.400Z] Time:          Sun Aug 30 2026 11:41:19 GMT+0300 (Eastern European Summer Time)
[debug] [2026-08-30T08:41:19.400Z] ----------------------------------------------------------------------
[debug] 
[debug] [2026-08-30T08:41:21.483Z] > command requires scopes: ["email","openid","https://www.googleapis.com/auth/cloudplatformprojects.readonly","https://www.googleapis.com/auth/firebase","https://www.googleapis.com/auth/cloud-platform"]
[debug] [2026-08-30T08:41:21.483Z] > authorizing via signed-in user (sarrpanjim@gmail.com)
[info] i  emulators: Starting emulators: functions {"metadata":{"emulator":{"name":"hub"},"message":"Starting emulators: functions"}}
[debug] [2026-08-30T08:41:21.502Z] [logging] Logging Emulator only supports listening on one address (127.0.0.1). Not listening on ::1
[debug] [2026-08-30T08:41:21.502Z] assigned listening specs for emulators {"user":{"hub":[{"address":"127.0.0.1","family":"IPv4","port":4400},{"address":"::1","family":"IPv6","port":4400}],"ui":[{"address":"127.0.0.1","family":"IPv4","port":4000},{"address":"::1","family":"IPv6","port":4000}],"logging":[{"address":"127.0.0.1","family":"IPv4","port":4500}]},"metadata":{"message":"assigned listening specs for emulators"}}
[debug] [2026-08-30T08:41:21.509Z] Write emulator hub locator at C:\Users\dsarr\AppData\Local\Temp\hub-pension-calculator-f8e60.json
[debug] [2026-08-30T08:41:21.531Z] [functions] Functions Emulator only supports listening on one address (127.0.0.1). Not listening on ::1
[debug] [2026-08-30T08:41:21.532Z] [eventarc] Eventarc Emulator only supports listening on one address (127.0.0.1). Not listening on ::1
[debug] [2026-08-30T08:41:21.532Z] [tasks] Cloud Tasks Emulator only supports listening on one address (127.0.0.1). Not listening on ::1
[debug] [2026-08-30T08:41:21.532Z] late-assigned ports for functions and eventarc emulators {"user":{"hub":[{"address":"127.0.0.1","family":"IPv4","port":4400},{"address":"::1","family":"IPv6","port":4400}],"ui":[{"address":"127.0.0.1","family":"IPv4","port":4000},{"address":"::1","family":"IPv6","port":4000}],"logging":[{"address":"127.0.0.1","family":"IPv4","port":4500}],"functions":[{"address":"127.0.0.1","family":"IPv4","port":5001}],"eventarc":[{"address":"127.0.0.1","family":"IPv4","port":9299}],"tasks":[{"address":"127.0.0.1","family":"IPv4","port":9499}]},"metadata":{"message":"late-assigned ports for functions and eventarc emulators"}}
[warn] !  functions: The following emulators are not running, calls to these services from the Functions emulator will affect production: apphosting, auth, firestore, database, hosting, pubsub, storage, dataconnect {"metadata":{"emulator":{"name":"functions"},"message":"The following emulators are not running, calls to these services from the Functions emulator will affect production: \u001b[1mapphosting, auth, firestore, database, hosting, pubsub, storage, dataconnect\u001b[22m"}}
[debug] [2026-08-30T08:41:21.557Z] defaultcredentials: writing to file C:\Users\dsarr\AppData\Roaming\firebase\sarrpanjim_gmail_com_application_default_credentials.json
[debug] [2026-08-30T08:41:21.560Z] Setting GAC to C:\Users\dsarr\AppData\Roaming\firebase\sarrpanjim_gmail_com_application_default_credentials.json {"metadata":{"emulator":{"name":"functions"},"message":"Setting GAC to C:\\Users\\dsarr\\AppData\\Roaming\\firebase\\sarrpanjim_gmail_com_application_default_credentials.json"}}
[debug] [2026-08-30T08:41:21.562Z] Checked if tokens are valid: false, expires at: 1788042280093
[debug] [2026-08-30T08:41:21.562Z] Checked if tokens are valid: false, expires at: 1788042280093
[debug] [2026-08-30T08:41:21.563Z] > refreshing access token with scopes: []
[debug] [2026-08-30T08:41:21.566Z] >>> [apiv2][query] POST https://www.googleapis.com/oauth2/v3/token [none]
[debug] [2026-08-30T08:41:21.566Z] >>> [apiv2][body] POST https://www.googleapis.com/oauth2/v3/token [omitted]
[debug] [2026-08-30T08:41:21.829Z] <<< [apiv2][status] POST https://www.googleapis.com/oauth2/v3/token 200
[debug] [2026-08-30T08:41:21.830Z] <<< [apiv2][body] POST https://www.googleapis.com/oauth2/v3/token [omitted]
[debug] [2026-08-30T08:41:21.855Z] >>> [apiv2][query] GET https://firebase.googleapis.com/v1beta1/projects/pension-calculator-f8e60/adminSdkConfig [none]
[debug] [2026-08-30T08:41:22.584Z] <<< [apiv2][status] GET https://firebase.googleapis.com/v1beta1/projects/pension-calculator-f8e60/adminSdkConfig 200
[debug] [2026-08-30T08:41:22.584Z] <<< [apiv2][body] GET https://firebase.googleapis.com/v1beta1/projects/pension-calculator-f8e60/adminSdkConfig {"projectId":"pension-calculator-f8e60","databaseURL":"https://pension-calculator-f8e60-default-rtdb.europe-west1.firebasedatabase.app","storageBucket":"pension-calculator-f8e60.firebasestorage.app"}
[info] i  functions: Watching "C:\PensionProject\FreePension\web-functions" for Cloud Functions... {"metadata":{"emulator":{"name":"functions"},"message":"Watching \"C:\\PensionProject\\FreePension\\web-functions\" for Cloud Functions..."}}
[debug] [2026-08-30T08:41:22.628Z] Validating nodejs source
[warn] !  functions: package.json indicates an outdated version of firebase-functions. Please upgrade using npm install --save firebase-functions@latest in your functions directory. 
[debug] [2026-08-30T08:41:24.294Z] > [functions] package.json contents: {
  "name": "geodora-web-functions",
  "description": "Stripe and email backend for the Geodora Pension website",
  "scripts": {
    "serve": "firebase emulators:start --only functions:web-backend",
    "deploy": "firebase deploy --only functions:web-backend",
    "logs": "firebase functions:log"
  },
  "engines": {
    "node": "20"
  },
  "main": "index.js",
  "dependencies": {
    "cors": "^2.8.6",
    "dotenv": "^17.4.2",
    "firebase-admin": "^13.10.0",
    "firebase-functions": "^7.0.0",
    "nodemailer": "^8.0.3",
    "stripe": "^20.4.1"
  },
  "private": true
}
[debug] [2026-08-30T08:41:24.294Z] Building nodejs source
[debug] [2026-08-30T08:41:24.295Z] Failed to find version of module node: reached end of search path C:\PensionProject\FreePension\web-functions\node_modules
[info] +  functions: Using node@20 from host. 
[info] i  functions: Loaded environment variables from .env. 
[debug] [2026-08-30T08:41:24.300Z] Could not find functions.yaml. Must use http discovery
[debug] [2026-08-30T08:41:24.313Z] Found firebase-functions binary at 'C:\PensionProject\FreePension\web-functions\node_modules\.bin\firebase-functions'
[info] Serving at port 8386

[info] ◇ injected env (3) from .env // tip: ⌘ override existing { override: true }

[debug] [2026-08-30T08:41:25.452Z] Got response from /__/functions.yaml {"endpoints":{"createPaymentIntent":{"availableMemoryMb":null,"timeoutSeconds":null,"minInstances":null,"maxInstances":null,"ingressSettings":null,"concurrency":null,"serviceAccountEmail":null,"vpc":null,"platform":"gcfv2","labels":{},"httpsTrigger":{},"entryPoint":"createPaymentIntent"},"capturePayment":{"availableMemoryMb":null,"timeoutSeconds":null,"minInstances":null,"maxInstances":null,"ingressSettings":null,"concurrency":null,"serviceAccountEmail":null,"vpc":null,"platform":"gcfv2","labels":{},"httpsTrigger":{},"entryPoint":"capturePayment"}},"specVersion":"v1alpha1","requiredAPIs":[],"extensions":{}}
[info] +  functions: Loaded functions definitions from source: createPaymentIntent, capturePayment. {"metadata":{"emulator":{"name":"functions"},"message":"Loaded functions definitions from source: createPaymentIntent, capturePayment."}}
[info] +  functions[us-central1-createPaymentIntent]: http function initialized (http://127.0.0.1:5001/pension-calculator-f8e60/us-central1/createPaymentIntent). {"metadata":{"emulator":{"name":"functions"},"message":"\u001b[1mhttp\u001b[22m function initialized (http://127.0.0.1:5001/pension-calculator-f8e60/us-central1/createPaymentIntent)."}}
[info] +  functions[us-central1-capturePayment]: http function initialized (http://127.0.0.1:5001/pension-calculator-f8e60/us-central1/capturePayment). {"metadata":{"emulator":{"name":"functions"},"message":"\u001b[1mhttp\u001b[22m function initialized (http://127.0.0.1:5001/pension-calculator-f8e60/us-central1/capturePayment)."}}
[debug] [2026-08-30T08:41:29.503Z] Could not find VSCode notification endpoint: FetchError: request to http://localhost:40001/vscode/notify failed, reason: . If you are not running the Firebase Data Connect VSCode extension, this is expected and not an issue.
[info] 
┌─────────────────────────────────────────────────────────────┐
│ ✔  All emulators ready! It is now safe to connect your app. │
│ i  View Emulator UI at http://127.0.0.1:4000/               │
└─────────────────────────────────────────────────────────────┘

┌───────────┬────────────────┬─────────────────────────────────┐
│ Emulator  │ Host:Port      │ View in Emulator UI             │
├───────────┼────────────────┼─────────────────────────────────┤
│ Functions │ 127.0.0.1:5001 │ http://127.0.0.1:4000/functions │
└───────────┴────────────────┴─────────────────────────────────┘
  Emulator Hub host: 127.0.0.1 port: 4400
  Other reserved ports: 4500

Issues? Report them at https://github.com/firebase/firebase-tools/issues and attach the *-debug.log files.
 
[debug] [2026-08-30T08:41:33.478Z] [work-queue] {"queuedWork":["/pension-calculator-f8e60/us-central1/createPaymentIntent-2026-08-30T08:41:33.478Z"],"queueLength":1,"runningWork":[],"workRunningCount":0}
[debug] [2026-08-30T08:41:33.478Z] [work-queue] {"queuedWork":[],"queueLength":0,"runningWork":["/pension-calculator-f8e60/us-central1/createPaymentIntent-2026-08-30T08:41:33.478Z"],"workRunningCount":1}
[debug] [2026-08-30T08:41:33.479Z] Accepted request OPTIONS /pension-calculator-f8e60/us-central1/createPaymentIntent --> us-central1-createPaymentIntent
[debug] [2026-08-30T08:41:33.479Z] [functions] Runtime ready! Sending request! {"metadata":{"emulator":{"name":"functions"},"message":"[functions] Runtime ready! Sending request!"}}
[debug] [2026-08-30T08:41:33.480Z] [functions] Got req.url=/pension-calculator-f8e60/us-central1/createPaymentIntent, mapping to path=/ {"metadata":{"emulator":{"name":"functions"},"message":"[functions] Got req.url=/pension-calculator-f8e60/us-central1/createPaymentIntent, mapping to path=/"}}
[info] i  functions: Loaded environment variables from .env. 
[debug] [2026-08-30T08:41:33.496Z] [worker-pool] addWorker(us-central1-createPaymentIntent) {"metadata":{"emulator":{"name":"functions"},"message":"[worker-pool] addWorker(us-central1-createPaymentIntent)"}}
[debug] [2026-08-30T08:41:33.497Z] [worker-pool] Adding worker with key us-central1-createPaymentIntent, total=1 {"metadata":{"emulator":{"name":"functions"},"message":"[worker-pool] Adding worker with key us-central1-createPaymentIntent, total=1"}}
[debug] [2026-08-30T08:41:35.186Z] [runtime-status] [9616] Resolved module firebase-admin {"declared":true,"installed":true,"version":"13.10.0","resolution":"C:\\PensionProject\\FreePension\\web-functions\\node_modules\\firebase-admin\\lib\\index.js"} {"metadata":{"emulator":{"name":"functions"},"function":{"name":"us-central1-createPaymentIntent"},"extension":{},"message":"[runtime-status] [9616] Resolved module firebase-admin {\"declared\":true,\"installed\":true,\"version\":\"13.10.0\",\"resolution\":\"C:\\\\PensionProject\\\\FreePension\\\\web-functions\\\\node_modules\\\\firebase-admin\\\\lib\\\\index.js\"}"}}
[debug] [2026-08-30T08:41:35.189Z] [runtime-status] [9616] Resolved module firebase-functions {"declared":true,"installed":true,"version":"7.2.5","resolution":"C:\\PensionProject\\FreePension\\web-functions\\node_modules\\firebase-functions\\lib\\v2\\index.js"} {"metadata":{"emulator":{"name":"functions"},"function":{"name":"us-central1-createPaymentIntent"},"extension":{},"message":"[runtime-status] [9616] Resolved module firebase-functions {\"declared\":true,\"installed\":true,\"version\":\"7.2.5\",\"resolution\":\"C:\\\\PensionProject\\\\FreePension\\\\web-functions\\\\node_modules\\\\firebase-functions\\\\lib\\\\v2\\\\index.js\"}"}}
[debug] [2026-08-30T08:41:35.189Z] [runtime-status] [9616] Outgoing network have been stubbed. [{"name":"http","status":"mocked"},{"name":"http","status":"mocked"},{"name":"https","status":"mocked"},{"name":"https","status":"mocked"},{"name":"net","status":"mocked"}] {"metadata":{"emulator":{"name":"functions"},"function":{"name":"us-central1-createPaymentIntent"},"extension":{},"message":"[runtime-status] [9616] Outgoing network have been stubbed. [{\"name\":\"http\",\"status\":\"mocked\"},{\"name\":\"http\",\"status\":\"mocked\"},{\"name\":\"https\",\"status\":\"mocked\"},{\"name\":\"https\",\"status\":\"mocked\"},{\"name\":\"net\",\"status\":\"mocked\"}]"}}
[debug] [2026-08-30T08:41:35.190Z] [runtime-status] [9616] Resolved module firebase-functions {"declared":true,"installed":true,"version":"7.2.5","resolution":"C:\\PensionProject\\FreePension\\web-functions\\node_modules\\firebase-functions\\lib\\v2\\index.js"} {"metadata":{"emulator":{"name":"functions"},"function":{"name":"us-central1-createPaymentIntent"},"extension":{},"message":"[runtime-status] [9616] Resolved module firebase-functions {\"declared\":true,\"installed\":true,\"version\":\"7.2.5\",\"resolution\":\"C:\\\\PensionProject\\\\FreePension\\\\web-functions\\\\node_modules\\\\firebase-functions\\\\lib\\\\v2\\\\index.js\"}"}}
[debug] [2026-08-30T08:41:35.191Z] [runtime-status] [9616] Detected firebase-functions v7+, skipping legacy stubs. {"metadata":{"emulator":{"name":"functions"},"function":{"name":"us-central1-createPaymentIntent"},"extension":{},"message":"[runtime-status] [9616] Detected firebase-functions v7+, skipping legacy stubs."}}
[debug] [2026-08-30T08:41:35.191Z] [runtime-status] [9616] Resolved module firebase-admin {"declared":true,"installed":true,"version":"13.10.0","resolution":"C:\\PensionProject\\FreePension\\web-functions\\node_modules\\firebase-admin\\lib\\index.js"} {"metadata":{"emulator":{"name":"functions"},"function":{"name":"us-central1-createPaymentIntent"},"extension":{},"message":"[runtime-status] [9616] Resolved module firebase-admin {\"declared\":true,\"installed\":true,\"version\":\"13.10.0\",\"resolution\":\"C:\\\\PensionProject\\\\FreePension\\\\web-functions\\\\node_modules\\\\firebase-admin\\\\lib\\\\index.js\"}"}}
[debug] [2026-08-30T08:41:35.358Z] [runtime-status] [9616] Resolved module firebase-functions {"declared":true,"installed":true,"version":"7.2.5","resolution":"C:\\PensionProject\\FreePension\\web-functions\\node_modules\\firebase-functions\\lib\\v2\\index.js"} {"metadata":{"emulator":{"name":"functions"},"function":{"name":"us-central1-createPaymentIntent"},"extension":{},"message":"[runtime-status] [9616] Resolved module firebase-functions {\"declared\":true,\"installed\":true,\"version\":\"7.2.5\",\"resolution\":\"C:\\\\PensionProject\\\\FreePension\\\\web-functions\\\\node_modules\\\\firebase-functions\\\\lib\\\\v2\\\\index.js\"}"}}
[debug] [2026-08-30T08:41:35.756Z] [runtime-status] [9616] firebase-admin has been stubbed. {"adminResolution":{"declared":true,"installed":true,"version":"13.10.0","resolution":"C:\\PensionProject\\FreePension\\web-functions\\node_modules\\firebase-admin\\lib\\index.js"}} {"metadata":{"emulator":{"name":"functions"},"function":{"name":"us-central1-createPaymentIntent"},"extension":{},"message":"[runtime-status] [9616] firebase-admin has been stubbed. {\"adminResolution\":{\"declared\":true,\"installed\":true,\"version\":\"13.10.0\",\"resolution\":\"C:\\\\PensionProject\\\\FreePension\\\\web-functions\\\\node_modules\\\\firebase-admin\\\\lib\\\\index.js\"}}"}}
[info] >  ◇ injected env (0) from .env // tip: ⌘ enable debugging { debug: true } {"user":"◇ injected env (0) from .env // tip: ⌘ enable debugging { debug: true }","metadata":{"emulator":{"name":"functions"},"function":{"name":"us-central1-createPaymentIntent"},"extension":{},"message":"\u001b[90m> \u001b[39m ◇ injected env (0) from .env // tip: ⌘ enable debugging { debug: true }"}}
[debug] [2026-08-30T08:41:35.959Z] [runtime-status] [9616] Functions runtime initialized. {"cwd":"C:\\PensionProject\\FreePension\\web-functions","node_version":"20.19.2"} {"metadata":{"emulator":{"name":"functions"},"function":{"name":"us-central1-createPaymentIntent"},"extension":{},"message":"[runtime-status] [9616] Functions runtime initialized. {\"cwd\":\"C:\\\\PensionProject\\\\FreePension\\\\web-functions\",\"node_version\":\"20.19.2\"}"}}
[debug] [2026-08-30T08:41:35.960Z] [runtime-status] [9616] Listening to port: \\?\pipe\fire_emu_c2b673728288161e {"metadata":{"emulator":{"name":"functions"},"function":{"name":"us-central1-createPaymentIntent"},"extension":{},"message":"[runtime-status] [9616] Listening to port: \\\\?\\pipe\\fire_emu_c2b673728288161e"}}
[debug] [2026-08-30T08:41:36.008Z] [worker-us-central1-createPaymentIntent-6a8f4ab6-ded9-4367-ad01-34de5c0b7652]: IDLE {"metadata":{"emulator":{"name":"functions"},"function":{"name":"us-central1-createPaymentIntent"},"extension":{},"message":"[worker-us-central1-createPaymentIntent-6a8f4ab6-ded9-4367-ad01-34de5c0b7652]: IDLE"}}
[debug] [2026-08-30T08:41:36.008Z] [worker-pool] submitRequest(triggerId=us-central1-createPaymentIntent) {"metadata":{"emulator":{"name":"functions"},"message":"[worker-pool] submitRequest(triggerId=us-central1-createPaymentIntent)"}}
[info] i  functions: Beginning execution of "us-central1-createPaymentIntent" {"metadata":{"emulator":{"name":"functions"},"function":{"name":"us-central1-createPaymentIntent"},"extension":{},"message":"Beginning execution of \"us-central1-createPaymentIntent\""}}
[debug] [2026-08-30T08:41:36.009Z] [worker-us-central1-createPaymentIntent-6a8f4ab6-ded9-4367-ad01-34de5c0b7652]: BUSY {"metadata":{"emulator":{"name":"functions"},"function":{"name":"us-central1-createPaymentIntent"},"extension":{},"message":"[worker-us-central1-createPaymentIntent-6a8f4ab6-ded9-4367-ad01-34de5c0b7652]: BUSY"}}
[debug] [2026-08-30T08:41:36.013Z] Finishing up request with event=pause {"metadata":{"emulator":{"name":"functions"},"function":{"name":"us-central1-createPaymentIntent"},"extension":{},"message":"Finishing up request with event=pause"}}
[info] i  functions: Finished "us-central1-createPaymentIntent" in 4.7345ms {"metadata":{"emulator":{"name":"functions"},"function":{"name":"us-central1-createPaymentIntent"},"extension":{},"message":"Finished \"us-central1-createPaymentIntent\" in 4.7345ms"}}
[debug] [2026-08-30T08:41:36.015Z] [worker-us-central1-createPaymentIntent-6a8f4ab6-ded9-4367-ad01-34de5c0b7652]: IDLE {"metadata":{"emulator":{"name":"functions"},"function":{"name":"us-central1-createPaymentIntent"},"extension":{},"message":"[worker-us-central1-createPaymentIntent-6a8f4ab6-ded9-4367-ad01-34de5c0b7652]: IDLE"}}
[debug] [2026-08-30T08:41:36.015Z] Finishing up request with event=finish {"metadata":{"emulator":{"name":"functions"},"function":{"name":"us-central1-createPaymentIntent"},"extension":{},"message":"Finishing up request with event=finish"}}
[debug] [2026-08-30T08:41:36.015Z] Finishing up request with event=close {"metadata":{"emulator":{"name":"functions"},"function":{"name":"us-central1-createPaymentIntent"},"extension":{},"message":"Finishing up request with event=close"}}
[debug] [2026-08-30T08:41:36.015Z] [work-queue] {"queuedWork":[],"queueLength":0,"runningWork":[],"workRunningCount":0}
[debug] [2026-08-30T08:41:36.016Z] [work-queue] {"queuedWork":["/pension-calculator-f8e60/us-central1/createPaymentIntent-2026-08-30T08:41:36.016Z"],"queueLength":1,"runningWork":[],"workRunningCount":0}
[debug] [2026-08-30T08:41:36.017Z] [work-queue] {"queuedWork":[],"queueLength":0,"runningWork":["/pension-calculator-f8e60/us-central1/createPaymentIntent-2026-08-30T08:41:36.016Z"],"workRunningCount":1}
[debug] [2026-08-30T08:41:36.017Z] Accepted request POST /pension-calculator-f8e60/us-central1/createPaymentIntent --> us-central1-createPaymentIntent
[debug] [2026-08-30T08:41:36.017Z] [functions] Runtime ready! Sending request! {"metadata":{"emulator":{"name":"functions"},"message":"[functions] Runtime ready! Sending request!"}}
[debug] [2026-08-30T08:41:36.018Z] [functions] Got req.url=/pension-calculator-f8e60/us-central1/createPaymentIntent, mapping to path=/ {"metadata":{"emulator":{"name":"functions"},"message":"[functions] Got req.url=/pension-calculator-f8e60/us-central1/createPaymentIntent, mapping to path=/"}}
[debug] [2026-08-30T08:41:36.018Z] [worker-pool] submitRequest(triggerId=us-central1-createPaymentIntent) {"metadata":{"emulator":{"name":"functions"},"message":"[worker-pool] submitRequest(triggerId=us-central1-createPaymentIntent)"}}
[info] i  functions: Beginning execution of "us-central1-createPaymentIntent" {"metadata":{"emulator":{"name":"functions"},"function":{"name":"us-central1-createPaymentIntent"},"extension":{},"message":"Beginning execution of \"us-central1-createPaymentIntent\""}}
[debug] [2026-08-30T08:41:36.018Z] [worker-us-central1-createPaymentIntent-6a8f4ab6-ded9-4367-ad01-34de5c0b7652]: BUSY {"metadata":{"emulator":{"name":"functions"},"function":{"name":"us-central1-createPaymentIntent"},"extension":{},"message":"[worker-us-central1-createPaymentIntent-6a8f4ab6-ded9-4367-ad01-34de5c0b7652]: BUSY"}}
[debug] [2026-08-30T08:41:36.959Z] Finishing up request with event=pause {"metadata":{"emulator":{"name":"functions"},"function":{"name":"us-central1-createPaymentIntent"},"extension":{},"message":"Finishing up request with event=pause"}}
[info] i  functions: Finished "us-central1-createPaymentIntent" in 940.6257ms {"metadata":{"emulator":{"name":"functions"},"function":{"name":"us-central1-createPaymentIntent"},"extension":{},"message":"Finished \"us-central1-createPaymentIntent\" in 940.6257ms"}}
[debug] [2026-08-30T08:41:36.960Z] [worker-us-central1-createPaymentIntent-6a8f4ab6-ded9-4367-ad01-34de5c0b7652]: IDLE {"metadata":{"emulator":{"name":"functions"},"function":{"name":"us-central1-createPaymentIntent"},"extension":{},"message":"[worker-us-central1-createPaymentIntent-6a8f4ab6-ded9-4367-ad01-34de5c0b7652]: IDLE"}}
[debug] [2026-08-30T08:41:36.960Z] Finishing up request with event=finish {"metadata":{"emulator":{"name":"functions"},"function":{"name":"us-central1-createPaymentIntent"},"extension":{},"message":"Finishing up request with event=finish"}}
[debug] [2026-08-30T08:41:36.960Z] Finishing up request with event=close {"metadata":{"emulator":{"name":"functions"},"function":{"name":"us-central1-createPaymentIntent"},"extension":{},"message":"Finishing up request with event=close"}}
[debug] [2026-08-30T08:41:36.961Z] [work-queue] {"queuedWork":[],"queueLength":0,"runningWork":[],"workRunningCount":0}
[debug] [2026-08-30T08:42:52.535Z] [work-queue] {"queuedWork":["/pension-calculator-f8e60/us-central1/createPaymentIntent-2026-08-30T08:42:52.535Z"],"queueLength":1,"runningWork":[],"workRunningCount":0}
[debug] [2026-08-30T08:42:52.537Z] [work-queue] {"queuedWork":[],"queueLength":0,"runningWork":["/pension-calculator-f8e60/us-central1/createPaymentIntent-2026-08-30T08:42:52.535Z"],"workRunningCount":1}
[debug] [2026-08-30T08:42:52.538Z] Accepted request OPTIONS /pension-calculator-f8e60/us-central1/createPaymentIntent --> us-central1-createPaymentIntent
[debug] [2026-08-30T08:42:52.538Z] [functions] Runtime ready! Sending request! {"metadata":{"emulator":{"name":"functions"},"message":"[functions] Runtime ready! Sending request!"}}
[debug] [2026-08-30T08:42:52.539Z] [functions] Got req.url=/pension-calculator-f8e60/us-central1/createPaymentIntent, mapping to path=/ {"metadata":{"emulator":{"name":"functions"},"message":"[functions] Got req.url=/pension-calculator-f8e60/us-central1/createPaymentIntent, mapping to path=/"}}
[debug] [2026-08-30T08:42:52.541Z] [worker-pool] submitRequest(triggerId=us-central1-createPaymentIntent) {"metadata":{"emulator":{"name":"functions"},"message":"[worker-pool] submitRequest(triggerId=us-central1-createPaymentIntent)"}}
[info] i  functions: Beginning execution of "us-central1-createPaymentIntent" {"metadata":{"emulator":{"name":"functions"},"function":{"name":"us-central1-createPaymentIntent"},"extension":{},"message":"Beginning execution of \"us-central1-createPaymentIntent\""}}
[debug] [2026-08-30T08:42:52.542Z] [worker-us-central1-createPaymentIntent-6a8f4ab6-ded9-4367-ad01-34de5c0b7652]: BUSY {"metadata":{"emulator":{"name":"functions"},"function":{"name":"us-central1-createPaymentIntent"},"extension":{},"message":"[worker-us-central1-createPaymentIntent-6a8f4ab6-ded9-4367-ad01-34de5c0b7652]: BUSY"}}
[debug] [2026-08-30T08:42:52.545Z] Finishing up request with event=pause {"metadata":{"emulator":{"name":"functions"},"function":{"name":"us-central1-createPaymentIntent"},"extension":{},"message":"Finishing up request with event=pause"}}
[info] i  functions: Finished "us-central1-createPaymentIntent" in 3.6122ms {"metadata":{"emulator":{"name":"functions"},"function":{"name":"us-central1-createPaymentIntent"},"extension":{},"message":"Finished \"us-central1-createPaymentIntent\" in 3.6122ms"}}
[debug] [2026-08-30T08:42:52.546Z] [worker-us-central1-createPaymentIntent-6a8f4ab6-ded9-4367-ad01-34de5c0b7652]: IDLE {"metadata":{"emulator":{"name":"functions"},"function":{"name":"us-central1-createPaymentIntent"},"extension":{},"message":"[worker-us-central1-createPaymentIntent-6a8f4ab6-ded9-4367-ad01-34de5c0b7652]: IDLE"}}
[debug] [2026-08-30T08:42:52.547Z] Finishing up request with event=finish {"metadata":{"emulator":{"name":"functions"},"function":{"name":"us-central1-createPaymentIntent"},"extension":{},"message":"Finishing up request with event=finish"}}
[debug] [2026-08-30T08:42:52.547Z] Finishing up request with event=close {"metadata":{"emulator":{"name":"functions"},"function":{"name":"us-central1-createPaymentIntent"},"extension":{},"message":"Finishing up request with event=close"}}
[debug] [2026-08-30T08:42:52.547Z] [work-queue] {"queuedWork":[],"queueLength":0,"runningWork":[],"workRunningCount":0}
[debug] [2026-08-30T08:42:52.548Z] [work-queue] {"queuedWork":["/pension-calculator-f8e60/us-central1/createPaymentIntent-2026-08-30T08:42:52.548Z"],"queueLength":1,"runningWork":[],"workRunningCount":0}
[debug] [2026-08-30T08:42:52.549Z] [work-queue] {"queuedWork":[],"queueLength":0,"runningWork":["/pension-calculator-f8e60/us-central1/createPaymentIntent-2026-08-30T08:42:52.548Z"],"workRunningCount":1}
[debug] [2026-08-30T08:42:52.549Z] Accepted request POST /pension-calculator-f8e60/us-central1/createPaymentIntent --> us-central1-createPaymentIntent
[debug] [2026-08-30T08:42:52.549Z] [functions] Runtime ready! Sending request! {"metadata":{"emulator":{"name":"functions"},"message":"[functions] Runtime ready! Sending request!"}}
[debug] [2026-08-30T08:42:52.549Z] [functions] Got req.url=/pension-calculator-f8e60/us-central1/createPaymentIntent, mapping to path=/ {"metadata":{"emulator":{"name":"functions"},"message":"[functions] Got req.url=/pension-calculator-f8e60/us-central1/createPaymentIntent, mapping to path=/"}}
[debug] [2026-08-30T08:42:52.550Z] [worker-pool] submitRequest(triggerId=us-central1-createPaymentIntent) {"metadata":{"emulator":{"name":"functions"},"message":"[worker-pool] submitRequest(triggerId=us-central1-createPaymentIntent)"}}
[info] i  functions: Beginning execution of "us-central1-createPaymentIntent" {"metadata":{"emulator":{"name":"functions"},"function":{"name":"us-central1-createPaymentIntent"},"extension":{},"message":"Beginning execution of \"us-central1-createPaymentIntent\""}}
[debug] [2026-08-30T08:42:52.550Z] [worker-us-central1-createPaymentIntent-6a8f4ab6-ded9-4367-ad01-34de5c0b7652]: BUSY {"metadata":{"emulator":{"name":"functions"},"function":{"name":"us-central1-createPaymentIntent"},"extension":{},"message":"[worker-us-central1-createPaymentIntent-6a8f4ab6-ded9-4367-ad01-34de5c0b7652]: BUSY"}}
[debug] [2026-08-30T08:42:53.112Z] Finishing up request with event=pause {"metadata":{"emulator":{"name":"functions"},"function":{"name":"us-central1-createPaymentIntent"},"extension":{},"message":"Finishing up request with event=pause"}}
[info] i  functions: Finished "us-central1-createPaymentIntent" in 561.5546ms {"metadata":{"emulator":{"name":"functions"},"function":{"name":"us-central1-createPaymentIntent"},"extension":{},"message":"Finished \"us-central1-createPaymentIntent\" in 561.5546ms"}}
[debug] [2026-08-30T08:42:53.112Z] [worker-us-central1-createPaymentIntent-6a8f4ab6-ded9-4367-ad01-34de5c0b7652]: IDLE {"metadata":{"emulator":{"name":"functions"},"function":{"name":"us-central1-createPaymentIntent"},"extension":{},"message":"[worker-us-central1-createPaymentIntent-6a8f4ab6-ded9-4367-ad01-34de5c0b7652]: IDLE"}}
[debug] [2026-08-30T08:42:53.113Z] Finishing up request with event=finish {"metadata":{"emulator":{"name":"functions"},"function":{"name":"us-central1-createPaymentIntent"},"extension":{},"message":"Finishing up request with event=finish"}}
[debug] [2026-08-30T08:42:53.113Z] Finishing up request with event=close {"metadata":{"emulator":{"name":"functions"},"function":{"name":"us-central1-createPaymentIntent"},"extension":{},"message":"Finishing up request with event=close"}}
[debug] [2026-08-30T08:42:53.113Z] [work-queue] {"queuedWork":[],"queueLength":0,"runningWork":[],"workRunningCount":0}
[debug] [2026-08-30T08:46:33.534Z] [work-queue] {"queuedWork":["/pension-calculator-f8e60/us-central1/createPaymentIntent-2026-08-30T08:46:33.534Z"],"queueLength":1,"runningWork":[],"workRunningCount":0}
[debug] [2026-08-30T08:46:33.535Z] [work-queue] {"queuedWork":[],"queueLength":0,"runningWork":["/pension-calculator-f8e60/us-central1/createPaymentIntent-2026-08-30T08:46:33.534Z"],"workRunningCount":1}
[debug] [2026-08-30T08:46:33.535Z] Accepted request OPTIONS /pension-calculator-f8e60/us-central1/createPaymentIntent --> us-central1-createPaymentIntent
[debug] [2026-08-30T08:46:33.536Z] [functions] Runtime ready! Sending request! {"metadata":{"emulator":{"name":"functions"},"message":"[functions] Runtime ready! Sending request!"}}
[debug] [2026-08-30T08:46:33.536Z] [functions] Got req.url=/pension-calculator-f8e60/us-central1/createPaymentIntent, mapping to path=/ {"metadata":{"emulator":{"name":"functions"},"message":"[functions] Got req.url=/pension-calculator-f8e60/us-central1/createPaymentIntent, mapping to path=/"}}
[debug] [2026-08-30T08:46:33.536Z] [worker-pool] submitRequest(triggerId=us-central1-createPaymentIntent) {"metadata":{"emulator":{"name":"functions"},"message":"[worker-pool] submitRequest(triggerId=us-central1-createPaymentIntent)"}}
[info] i  functions: Beginning execution of "us-central1-createPaymentIntent" {"metadata":{"emulator":{"name":"functions"},"function":{"name":"us-central1-createPaymentIntent"},"extension":{},"message":"Beginning execution of \"us-central1-createPaymentIntent\""}}
[debug] [2026-08-30T08:46:33.543Z] [worker-us-central1-createPaymentIntent-6a8f4ab6-ded9-4367-ad01-34de5c0b7652]: BUSY {"metadata":{"emulator":{"name":"functions"},"function":{"name":"us-central1-createPaymentIntent"},"extension":{},"message":"[worker-us-central1-createPaymentIntent-6a8f4ab6-ded9-4367-ad01-34de5c0b7652]: BUSY"}}
[debug] [2026-08-30T08:46:33.547Z] Finishing up request with event=pause {"metadata":{"emulator":{"name":"functions"},"function":{"name":"us-central1-createPaymentIntent"},"extension":{},"message":"Finishing up request with event=pause"}}
[info] i  functions: Finished "us-central1-createPaymentIntent" in 3.4685ms {"metadata":{"emulator":{"name":"functions"},"function":{"name":"us-central1-createPaymentIntent"},"extension":{},"message":"Finished \"us-central1-createPaymentIntent\" in 3.4685ms"}}
[debug] [2026-08-30T08:46:33.548Z] [worker-us-central1-createPaymentIntent-6a8f4ab6-ded9-4367-ad01-34de5c0b7652]: IDLE {"metadata":{"emulator":{"name":"functions"},"function":{"name":"us-central1-createPaymentIntent"},"extension":{},"message":"[worker-us-central1-createPaymentIntent-6a8f4ab6-ded9-4367-ad01-34de5c0b7652]: IDLE"}}
[debug] [2026-08-30T08:46:33.548Z] Finishing up request with event=finish {"metadata":{"emulator":{"name":"functions"},"function":{"name":"us-central1-createPaymentIntent"},"extension":{},"message":"Finishing up request with event=finish"}}
[debug] [2026-08-30T08:46:33.548Z] Finishing up request with event=close {"metadata":{"emulator":{"name":"functions"},"function":{"name":"us-central1-createPaymentIntent"},"extension":{},"message":"Finishing up request with event=close"}}
[debug] [2026-08-30T08:46:33.548Z] [work-queue] {"queuedWork":[],"queueLength":0,"runningWork":[],"workRunningCount":0}
[debug] [2026-08-30T08:46:33.549Z] [work-queue] {"queuedWork":["/pension-calculator-f8e60/us-central1/createPaymentIntent-2026-08-30T08:46:33.549Z"],"queueLength":1,"runningWork":[],"workRunningCount":0}
[debug] [2026-08-30T08:46:33.549Z] [work-queue] {"queuedWork":[],"queueLength":0,"runningWork":["/pension-calculator-f8e60/us-central1/createPaymentIntent-2026-08-30T08:46:33.549Z"],"workRunningCount":1}
[debug] [2026-08-30T08:46:33.549Z] Accepted request POST /pension-calculator-f8e60/us-central1/createPaymentIntent --> us-central1-createPaymentIntent
[debug] [2026-08-30T08:46:33.550Z] [functions] Runtime ready! Sending request! {"metadata":{"emulator":{"name":"functions"},"message":"[functions] Runtime ready! Sending request!"}}
[debug] [2026-08-30T08:46:33.550Z] [functions] Got req.url=/pension-calculator-f8e60/us-central1/createPaymentIntent, mapping to path=/ {"metadata":{"emulator":{"name":"functions"},"message":"[functions] Got req.url=/pension-calculator-f8e60/us-central1/createPaymentIntent, mapping to path=/"}}
[debug] [2026-08-30T08:46:33.550Z] [worker-pool] submitRequest(triggerId=us-central1-createPaymentIntent) {"metadata":{"emulator":{"name":"functions"},"message":"[worker-pool] submitRequest(triggerId=us-central1-createPaymentIntent)"}}
[info] i  functions: Beginning execution of "us-central1-createPaymentIntent" {"metadata":{"emulator":{"name":"functions"},"function":{"name":"us-central1-createPaymentIntent"},"extension":{},"message":"Beginning execution of \"us-central1-createPaymentIntent\""}}
[debug] [2026-08-30T08:46:33.552Z] [worker-us-central1-createPaymentIntent-6a8f4ab6-ded9-4367-ad01-34de5c0b7652]: BUSY {"metadata":{"emulator":{"name":"functions"},"function":{"name":"us-central1-createPaymentIntent"},"extension":{},"message":"[worker-us-central1-createPaymentIntent-6a8f4ab6-ded9-4367-ad01-34de5c0b7652]: BUSY"}}
[debug] [2026-08-30T08:46:34.103Z] Finishing up request with event=pause {"metadata":{"emulator":{"name":"functions"},"function":{"name":"us-central1-createPaymentIntent"},"extension":{},"message":"Finishing up request with event=pause"}}
[info] i  functions: Finished "us-central1-createPaymentIntent" in 551.4502ms {"metadata":{"emulator":{"name":"functions"},"function":{"name":"us-central1-createPaymentIntent"},"extension":{},"message":"Finished \"us-central1-createPaymentIntent\" in 551.4502ms"}}
[debug] [2026-08-30T08:46:34.104Z] [worker-us-central1-createPaymentIntent-6a8f4ab6-ded9-4367-ad01-34de5c0b7652]: IDLE {"metadata":{"emulator":{"name":"functions"},"function":{"name":"us-central1-createPaymentIntent"},"extension":{},"message":"[worker-us-central1-createPaymentIntent-6a8f4ab6-ded9-4367-ad01-34de5c0b7652]: IDLE"}}
[debug] [2026-08-30T08:46:34.104Z] Finishing up request with event=finish {"metadata":{"emulator":{"name":"functions"},"function":{"name":"us-central1-createPaymentIntent"},"extension":{},"message":"Finishing up request with event=finish"}}
[debug] [2026-08-30T08:46:34.104Z] Finishing up request with event=close {"metadata":{"emulator":{"name":"functions"},"function":{"name":"us-central1-createPaymentIntent"},"extension":{},"message":"Finishing up request with event=close"}}
[debug] [2026-08-30T08:46:34.104Z] [work-queue] {"queuedWork":[],"queueLength":0,"runningWork":[],"workRunningCount":0}
[debug] [2026-08-30T08:49:16.841Z] [work-queue] {"queuedWork":["/pension-calculator-f8e60/us-central1/createPaymentIntent-2026-08-30T08:49:16.841Z"],"queueLength":1,"runningWork":[],"workRunningCount":0}
[debug] [2026-08-30T08:49:16.842Z] [work-queue] {"queuedWork":[],"queueLength":0,"runningWork":["/pension-calculator-f8e60/us-central1/createPaymentIntent-2026-08-30T08:49:16.841Z"],"workRunningCount":1}
[debug] [2026-08-30T08:49:16.842Z] Accepted request OPTIONS /pension-calculator-f8e60/us-central1/createPaymentIntent --> us-central1-createPaymentIntent
[debug] [2026-08-30T08:49:16.843Z] [functions] Runtime ready! Sending request! {"metadata":{"emulator":{"name":"functions"},"message":"[functions] Runtime ready! Sending request!"}}
[debug] [2026-08-30T08:49:16.843Z] [functions] Got req.url=/pension-calculator-f8e60/us-central1/createPaymentIntent, mapping to path=/ {"metadata":{"emulator":{"name":"functions"},"message":"[functions] Got req.url=/pension-calculator-f8e60/us-central1/createPaymentIntent, mapping to path=/"}}
[debug] [2026-08-30T08:49:16.844Z] [worker-pool] submitRequest(triggerId=us-central1-createPaymentIntent) {"metadata":{"emulator":{"name":"functions"},"message":"[worker-pool] submitRequest(triggerId=us-central1-createPaymentIntent)"}}
[info] i  functions: Beginning execution of "us-central1-createPaymentIntent" {"metadata":{"emulator":{"name":"functions"},"function":{"name":"us-central1-createPaymentIntent"},"extension":{},"message":"Beginning execution of \"us-central1-createPaymentIntent\""}}
[debug] [2026-08-30T08:49:16.845Z] [worker-us-central1-createPaymentIntent-6a8f4ab6-ded9-4367-ad01-34de5c0b7652]: BUSY {"metadata":{"emulator":{"name":"functions"},"function":{"name":"us-central1-createPaymentIntent"},"extension":{},"message":"[worker-us-central1-createPaymentIntent-6a8f4ab6-ded9-4367-ad01-34de5c0b7652]: BUSY"}}
[debug] [2026-08-30T08:49:16.849Z] Finishing up request with event=pause {"metadata":{"emulator":{"name":"functions"},"function":{"name":"us-central1-createPaymentIntent"},"extension":{},"message":"Finishing up request with event=pause"}}
[info] i  functions: Finished "us-central1-createPaymentIntent" in 6.1009ms {"metadata":{"emulator":{"name":"functions"},"function":{"name":"us-central1-createPaymentIntent"},"extension":{},"message":"Finished \"us-central1-createPaymentIntent\" in 6.1009ms"}}
[debug] [2026-08-30T08:49:16.852Z] [worker-us-central1-createPaymentIntent-6a8f4ab6-ded9-4367-ad01-34de5c0b7652]: IDLE {"metadata":{"emulator":{"name":"functions"},"function":{"name":"us-central1-createPaymentIntent"},"extension":{},"message":"[worker-us-central1-createPaymentIntent-6a8f4ab6-ded9-4367-ad01-34de5c0b7652]: IDLE"}}
[debug] [2026-08-30T08:49:16.852Z] Finishing up request with event=finish {"metadata":{"emulator":{"name":"functions"},"function":{"name":"us-central1-createPaymentIntent"},"extension":{},"message":"Finishing up request with event=finish"}}
[debug] [2026-08-30T08:49:16.853Z] Finishing up request with event=close {"metadata":{"emulator":{"name":"functions"},"function":{"name":"us-central1-createPaymentIntent"},"extension":{},"message":"Finishing up request with event=close"}}
[debug] [2026-08-30T08:49:16.853Z] [work-queue] {"queuedWork":[],"queueLength":0,"runningWork":[],"workRunningCount":0}
[debug] [2026-08-30T08:49:16.854Z] [work-queue] {"queuedWork":["/pension-calculator-f8e60/us-central1/createPaymentIntent-2026-08-30T08:49:16.854Z"],"queueLength":1,"runningWork":[],"workRunningCount":0}
[debug] [2026-08-30T08:49:16.854Z] [work-queue] {"queuedWork":[],"queueLength":0,"runningWork":["/pension-calculator-f8e60/us-central1/createPaymentIntent-2026-08-30T08:49:16.854Z"],"workRunningCount":1}
[debug] [2026-08-30T08:49:16.854Z] Accepted request POST /pension-calculator-f8e60/us-central1/createPaymentIntent --> us-central1-createPaymentIntent
[debug] [2026-08-30T08:49:16.854Z] [functions] Runtime ready! Sending request! {"metadata":{"emulator":{"name":"functions"},"message":"[functions] Runtime ready! Sending request!"}}
[debug] [2026-08-30T08:49:16.855Z] [functions] Got req.url=/pension-calculator-f8e60/us-central1/createPaymentIntent, mapping to path=/ {"metadata":{"emulator":{"name":"functions"},"message":"[functions] Got req.url=/pension-calculator-f8e60/us-central1/createPaymentIntent, mapping to path=/"}}
[debug] [2026-08-30T08:49:16.855Z] [worker-pool] submitRequest(triggerId=us-central1-createPaymentIntent) {"metadata":{"emulator":{"name":"functions"},"message":"[worker-pool] submitRequest(triggerId=us-central1-createPaymentIntent)"}}
[info] i  functions: Beginning execution of "us-central1-createPaymentIntent" {"metadata":{"emulator":{"name":"functions"},"function":{"name":"us-central1-createPaymentIntent"},"extension":{},"message":"Beginning execution of \"us-central1-createPaymentIntent\""}}
[debug] [2026-08-30T08:49:16.855Z] [worker-us-central1-createPaymentIntent-6a8f4ab6-ded9-4367-ad01-34de5c0b7652]: BUSY {"metadata":{"emulator":{"name":"functions"},"function":{"name":"us-central1-createPaymentIntent"},"extension":{},"message":"[worker-us-central1-createPaymentIntent-6a8f4ab6-ded9-4367-ad01-34de5c0b7652]: BUSY"}}
[debug] [2026-08-30T08:49:17.354Z] Finishing up request with event=pause {"metadata":{"emulator":{"name":"functions"},"function":{"name":"us-central1-createPaymentIntent"},"extension":{},"message":"Finishing up request with event=pause"}}
[info] i  functions: Finished "us-central1-createPaymentIntent" in 498.9636ms {"metadata":{"emulator":{"name":"functions"},"function":{"name":"us-central1-createPaymentIntent"},"extension":{},"message":"Finished \"us-central1-createPaymentIntent\" in 498.9636ms"}}
[debug] [2026-08-30T08:49:17.355Z] [worker-us-central1-createPaymentIntent-6a8f4ab6-ded9-4367-ad01-34de5c0b7652]: IDLE {"metadata":{"emulator":{"name":"functions"},"function":{"name":"us-central1-createPaymentIntent"},"extension":{},"message":"[worker-us-central1-createPaymentIntent-6a8f4ab6-ded9-4367-ad01-34de5c0b7652]: IDLE"}}
[debug] [2026-08-30T08:49:17.355Z] Finishing up request with event=finish {"metadata":{"emulator":{"name":"functions"},"function":{"name":"us-central1-createPaymentIntent"},"extension":{},"message":"Finishing up request with event=finish"}}
[debug] [2026-08-30T08:49:17.355Z] Finishing up request with event=close {"metadata":{"emulator":{"name":"functions"},"function":{"name":"us-central1-createPaymentIntent"},"extension":{},"message":"Finishing up request with event=close"}}
[debug] [2026-08-30T08:49:17.355Z] [work-queue] {"queuedWork":[],"queueLength":0,"runningWork":[],"workRunningCount":0}
